2026-06-03 00:59:30,334 | 
=========================
2026-06-03 00:59:30,334 | BATTLOCK SYSTEM STARTUP
2026-06-03 00:59:30,334 | =========================

2026-06-03 00:59:30,334 | Creating Root CA...
2026-06-03 00:59:30,345 | Root CA Ready
2026-06-03 00:59:30,345 | Generating Battery Keys...
2026-06-03 00:59:30,345 | Battery Public Key Generated
2026-06-03 00:59:30,345 | Generating Certificate...
2026-06-03 01:00:11,329 | 
=========================
2026-06-03 01:00:11,329 | BATTLOCK SYSTEM STARTUP
2026-06-03 01:00:11,329 | =========================

2026-06-03 01:00:11,329 | Creating Root CA...
2026-06-03 01:00:11,340 | Root CA Ready
2026-06-03 01:00:11,340 | Generating Battery Keys...
2026-06-03 01:00:11,340 | Battery Public Key Generated
2026-06-03 01:00:11,340 | Generating Certificate...
2026-06-03 01:02:19,073 | 
=========================
2026-06-03 01:02:19,074 | BATTLOCK SYSTEM STARTUP
2026-06-03 01:02:19,074 | =========================

2026-06-03 01:02:19,074 | Creating Root CA...
2026-06-03 01:02:19,079 | Root CA Ready
2026-06-03 01:02:19,079 | Generating Battery Keys...
2026-06-03 01:02:19,079 | Battery Public Key Generated
2026-06-03 01:02:19,079 | Generating Certificate...
2026-06-03 01:02:19,085 | Certificate Created
2026-06-03 01:02:19,085 | CAN Nodes Started
2026-06-03 01:02:19,085 | Verifying Certificate...
2026-06-03 01:02:19,087 | Certificate Verification Successful
2026-06-03 01:02:19,087 | Challenge Generated
2026-06-03 01:02:19,087 | Challenge Signed
2026-06-03 01:02:19,088 | Challenge Verification Passed
2026-06-03 01:02:19,088 | 
BATTERY AUTHENTICATED
2026-06-03 01:02:19,088 | SECURE SESSION ACTIVE
2026-06-03 01:02:19,088 | 
Metrics Exported
2026-06-03 02:30:47,479 | 
=========================
2026-06-03 02:30:47,479 | BATTLOCK SYSTEM STARTUP
2026-06-03 02:30:47,479 | =========================

2026-06-03 02:30:47,480 | Timestamp: 2026-06-03 02:30:47.480003
2026-06-03 02:30:47,480 | Python Version: 3.13.5
2026-06-03 02:30:47,480 | Operating System: Darwin
2026-06-03 02:30:47,480 | 
[PHASE 2] ROOT CA INITIALIZATION
2026-06-03 02:30:47,487 | Root CA Ready
2026-06-03 02:30:47,487 | 
[PHASE 3] BATTERY PROVISIONING
2026-06-03 02:30:47,491 | Battery ID: BAT001
2026-06-03 02:30:47,491 | Battery Public Key Generated
2026-06-03 02:30:47,491 | Private Key Stored Securely
2026-06-03 02:30:47,491 | 
[PHASE 4] CERTIFICATE ISSUANCE
2026-06-03 02:30:47,497 | Certificate Generated
2026-06-03 02:30:47,497 | Manufacturer ID: BATTLOCK
2026-06-03 02:30:47,498 | Battery ID: BAT001
2026-06-03 02:30:47,498 | Expiry Date: 2027-06-03
2026-06-03 02:30:47,498 | 
[PHASE 5] CAN NETWORK STARTUP
2026-06-03 02:30:47,498 | CAN Network Online
2026-06-03 02:30:47,498 | Vehicle Node Registered
2026-06-03 02:30:47,498 | Battery Node Registered
2026-06-03 02:30:47,498 | 
[PHASE 6] AUTHENTICATION START
2026-06-03 02:30:47,498 | 
Vehicle -> Battery
2026-06-03 02:30:47,498 | CAN ID: 0x100
2026-06-03 02:30:47,498 | AUTH_REQUEST
2026-06-03 02:30:47,498 | 
Battery -> Vehicle
2026-06-03 02:30:47,498 | CAN ID: 0x104
2026-06-03 02:30:47,498 | CERTIFICATE
2026-06-03 02:30:47,498 | 
[PHASE 8] CERTIFICATE VERIFICATION
2026-06-03 02:30:47,500 | Certificate Verification Successful
2026-06-03 02:30:47,500 | 
[PHASE 9] CHALLENGE GENERATION
2026-06-03 02:30:47,500 | Challenge Generated
2026-06-03 02:30:47,500 | Nonce Length: 32 bytes
2026-06-03 02:30:47,500 | 
Vehicle -> Battery
2026-06-03 02:30:47,500 | CAN ID: 0x101
2026-06-03 02:30:47,500 | NONCE
2026-06-03 02:30:47,500 | 
[PHASE 10] SIGNATURE GENERATION
2026-06-03 02:30:47,500 | Challenge Signed
2026-06-03 02:30:47,500 | Signature Length: 72 bytes
2026-06-03 02:30:47,500 | 
Battery -> Vehicle
2026-06-03 02:30:47,500 | CAN ID: 0x102
2026-06-03 02:30:47,500 | SIGNATURE
2026-06-03 02:30:47,500 | 
[PHASE 11] CHALLENGE VERIFICATION
2026-06-03 02:30:47,501 | Challenge Verification Passed
2026-06-03 02:30:47,501 | 
Vehicle -> Battery
2026-06-03 02:30:47,501 | CAN ID: 0x103
2026-06-03 02:30:47,501 | AUTH_RESULT = SUCCESS
2026-06-03 02:30:47,501 | 
BATTERY AUTHENTICATED
2026-06-03 02:30:47,501 | SECURE SESSION ACTIVE
2026-06-03 02:30:47,501 | 
=========================
2026-06-03 02:30:47,501 | PERFORMANCE REPORT
2026-06-03 02:30:47,501 | =========================
2026-06-03 02:30:47,501 | Total Execution Time: 0.022112 sec
2026-06-03 02:30:47,502 | 
Metrics Exported
2026-06-03 03:06:29,960 | 
=========================
2026-06-03 03:06:29,961 | BATTLOCK SYSTEM STARTUP
2026-06-03 03:06:29,961 | =========================

2026-06-03 03:06:29,961 | Timestamp: 2026-06-03 03:06:29.961289
2026-06-03 03:06:29,961 | Python Version: 3.13.5
2026-06-03 03:06:29,961 | Operating System: Darwin
2026-06-03 03:06:29,961 | 
[PHASE 2] ROOT CA INITIALIZATION
2026-06-03 03:06:29,969 | Root CA Ready
2026-06-03 03:06:29,969 | 
[PHASE 3] BATTERY PROVISIONING
2026-06-03 03:06:29,970 | Battery ID: BAT001
2026-06-03 03:06:29,970 | Battery Public Key Generated
2026-06-03 03:06:29,970 | Private Key Stored Securely
2026-06-03 03:06:29,970 | 
[PHASE 4] CERTIFICATE ISSUANCE
2026-06-03 03:06:29,977 | Certificate Generated
2026-06-03 03:06:29,977 | Manufacturer ID: BATTLOCK
2026-06-03 03:06:29,977 | Battery ID: BAT001
2026-06-03 03:06:29,977 | Expiry Date: 2027-06-03
2026-06-03 03:08:17,609 | 
=========================
2026-06-03 03:08:17,610 | BATTLOCK SYSTEM STARTUP
2026-06-03 03:08:17,610 | =========================

2026-06-03 03:08:17,610 | Timestamp: 2026-06-03 03:08:17.610824
2026-06-03 03:08:17,611 | Python Version: 3.13.5
2026-06-03 03:08:17,611 | Operating System: Darwin
2026-06-03 03:08:17,611 | 
[PHASE 2] ROOT CA INITIALIZATION
2026-06-03 03:08:17,618 | Root CA Ready
2026-06-03 03:08:17,618 | 
[PHASE 3] BATTERY PROVISIONING
2026-06-03 03:08:17,620 | Battery ID: BAT001
2026-06-03 03:08:17,620 | Battery Public Key Generated
2026-06-03 03:08:17,620 | Private Key Stored Securely
2026-06-03 03:08:17,620 | 
[PHASE 4] CERTIFICATE ISSUANCE
2026-06-03 03:08:17,627 | Certificate Generated
2026-06-03 03:08:17,627 | Manufacturer ID: BATTLOCK
2026-06-03 03:08:17,627 | Battery ID: BAT001
2026-06-03 03:08:17,627 | Expiry Date: 2027-06-03
2026-06-03 03:08:17,627 | 
[PHASE 5] CAN NETWORK STARTUP
2026-06-03 03:09:30,172 | 
=========================
2026-06-03 03:09:30,173 | BATTLOCK SYSTEM STARTUP
2026-06-03 03:09:30,173 | =========================

2026-06-03 03:09:30,173 | Timestamp: 2026-06-03 03:09:30.173981
2026-06-03 03:09:30,174 | Python Version: 3.13.5
2026-06-03 03:09:30,174 | Operating System: Darwin
2026-06-03 03:09:30,174 | 
[PHASE 2] ROOT CA INITIALIZATION
2026-06-03 03:09:30,180 | Root CA Ready
2026-06-03 03:09:30,180 | 
[PHASE 3] BATTERY PROVISIONING
2026-06-03 03:09:30,181 | Battery ID: BAT001
2026-06-03 03:09:30,181 | Battery Public Key Generated
2026-06-03 03:09:30,181 | Private Key Stored Securely
2026-06-03 03:09:30,181 | 
[PHASE 4] CERTIFICATE ISSUANCE
2026-06-03 03:09:30,186 | Certificate Generated
2026-06-03 03:09:30,186 | Manufacturer ID: BATTLOCK
2026-06-03 03:09:30,186 | Battery ID: BAT001
2026-06-03 03:09:30,186 | Expiry Date: 2027-06-03
2026-06-03 03:09:30,186 | 
[PHASE 5] CAN NETWORK STARTUP
2026-06-03 03:09:30,186 | CAN Network Online
2026-06-03 03:09:30,186 | Vehicle Node Registered
2026-06-03 03:09:30,186 | Battery Node Registered
2026-06-03 03:09:30,186 | Certificate sent over CAN
2026-06-03 03:09:30,186 | 
[PHASE 6] AUTHENTICATION START
2026-06-03 03:09:30,186 | 
Vehicle -> Battery
2026-06-03 03:09:30,186 | CAN ID: 0x100
2026-06-03 03:09:30,186 | AUTH_REQUEST SENT: b'AUTH'
2026-06-03 03:09:30,186 | 
Battery -> Vehicle
2026-06-03 03:09:30,186 | CAN ID: 0x104
2026-06-03 03:09:30,186 | 
[PHASE 8] CERTIFICATE VERIFICATION
2026-06-03 03:09:30,189 | Certificate Verification Successful
2026-06-03 03:09:30,189 | 
[PHASE 9] CHALLENGE GENERATION
2026-06-03 03:09:30,189 | Challenge Generated
2026-06-03 03:09:30,189 | Nonce Length: 32 bytes
2026-06-03 03:09:30,189 | 
Vehicle -> Battery
2026-06-03 03:09:30,189 | CAN ID: 0x101
2026-06-03 03:09:30,189 | NONCE
2026-06-03 03:09:30,189 | 
[PHASE 10] SIGNATURE GENERATION
2026-06-03 03:09:30,189 | Challenge Signed
2026-06-03 03:09:30,189 | Signature Length: 71 bytes
2026-06-03 03:09:30,189 | 
Battery -> Vehicle
2026-06-03 03:09:30,189 | CAN ID: 0x102
2026-06-03 03:09:30,189 | SIGNATURE
2026-06-03 03:09:30,189 | 
[PHASE 11] CHALLENGE VERIFICATION
2026-06-03 03:09:30,190 | Challenge Verification Passed
2026-06-03 03:09:30,190 | 
Vehicle -> Battery
2026-06-03 03:09:30,190 | CAN ID: 0x103
2026-06-03 03:09:30,190 | AUTH_RESULT = SUCCESS
2026-06-03 03:09:30,190 | 
BATTERY AUTHENTICATED
2026-06-03 03:09:30,190 | SECURE SESSION ACTIVE
2026-06-03 03:09:30,190 | 
=========================
2026-06-03 03:09:30,190 | PERFORMANCE REPORT
2026-06-03 03:09:30,190 | =========================
2026-06-03 03:09:30,190 | Total Execution Time: 0.018079 sec
2026-06-03 03:09:30,191 | 
Metrics Exported
2026-06-03 03:17:32,586 | 
=========================
2026-06-03 03:17:32,587 | BATTLOCK SYSTEM STARTUP
2026-06-03 03:17:32,587 | =========================

2026-06-03 03:17:32,587 | Timestamp: 2026-06-03 03:17:32.587439
2026-06-03 03:17:32,587 | Python Version: 3.13.5
2026-06-03 03:17:32,587 | Operating System: Darwin
2026-06-03 03:17:32,587 | 
[PHASE 2] ROOT CA INITIALIZATION
2026-06-03 03:17:32,599 | Root CA Ready
2026-06-03 03:17:32,599 | 
[PHASE 3] BATTERY PROVISIONING
2026-06-03 03:17:32,600 | Battery ID: BAT001
2026-06-03 03:17:32,600 | Battery Public Key Generated
2026-06-03 03:17:32,600 | Private Key Stored Securely
2026-06-03 03:17:32,600 | 
[PHASE 4] CERTIFICATE ISSUANCE
2026-06-03 03:17:32,608 | Certificate Generated
2026-06-03 03:17:32,608 | Manufacturer ID: BATTLOCK
2026-06-03 03:17:32,608 | Battery ID: BAT001
2026-06-03 03:17:32,608 | Expiry Date: 2027-06-03
2026-06-03 03:17:32,608 | 
[PHASE 5] CAN NETWORK STARTUP
2026-06-03 03:17:32,608 | CAN Network Online
2026-06-03 03:17:32,608 | Vehicle Node Registered
2026-06-03 03:17:32,608 | Battery Node Registered
2026-06-03 03:17:32,608 | Certificate sent over CAN
2026-06-03 03:17:32,608 | 
[PHASE 6] AUTHENTICATION START
2026-06-03 03:17:32,608 | 
Vehicle -> Battery
2026-06-03 03:17:32,608 | CAN ID: 0x100
2026-06-03 03:17:32,608 | AUTH_REQUEST SENT: b'AUTH'
2026-06-03 03:17:32,608 | 
Battery -> Vehicle
2026-06-03 03:17:32,608 | CAN ID: 0x104
2026-06-03 03:17:32,608 | 
[PHASE 8] CERTIFICATE VERIFICATION
2026-06-03 03:17:32,610 | Certificate Verification Successful
2026-06-03 03:17:32,610 | 
[PHASE 9] CHALLENGE GENERATION
2026-06-03 03:17:32,610 | Challenge Generated
2026-06-03 03:17:32,610 | Nonce Length: 32 bytes
2026-06-03 03:17:32,610 | 
Vehicle -> Battery
2026-06-03 03:17:32,610 | CAN ID: 0x101
2026-06-03 03:17:32,610 | NONCE
2026-06-03 03:17:32,610 | 
[PHASE 10] SIGNATURE GENERATION
2026-06-03 03:17:32,611 | Challenge Signed
2026-06-03 03:17:32,611 | Signature Length: 70 bytes
2026-06-03 03:17:32,611 | 
Battery -> Vehicle
2026-06-03 03:17:32,611 | CAN ID: 0x102
2026-06-03 03:17:32,611 | SIGNATURE
2026-06-03 03:17:32,611 | 
[PHASE 11] CHALLENGE VERIFICATION
2026-06-03 03:17:32,613 | Challenge Verification Passed
2026-06-03 03:17:32,613 | 
Creating Session...
2026-06-03 03:17:32,613 | Session ID: 31d899a0b7378d71f3712193021cfe35
2026-06-03 03:17:32,613 | Battery ID: BAT001
2026-06-03 03:17:32,613 | 
Vehicle -> Battery
2026-06-03 03:17:32,613 | CAN ID: 0x105
2026-06-03 03:17:32,613 | SESSION_ID
2026-06-03 03:17:32,613 | 
Vehicle -> Battery
2026-06-03 03:17:32,613 | CAN ID: 0x103
2026-06-03 03:17:32,613 | AUTH_RESULT = SUCCESS
2026-06-03 03:17:32,613 | 
BATTERY AUTHENTICATED
2026-06-03 03:17:32,613 | SECURE SESSION ACTIVE
2026-06-03 03:17:32,613 | 
=========================
2026-06-03 03:17:32,613 | PERFORMANCE REPORT
2026-06-03 03:17:32,613 | =========================
2026-06-03 03:17:32,613 | Total Execution Time: 0.026959 sec
2026-06-03 03:17:32,613 | 
Metrics Exported
2026-06-03 03:23:38,330 | 
=========================
2026-06-03 03:23:38,331 | BATTLOCK SYSTEM STARTUP
2026-06-03 03:23:38,331 | =========================

2026-06-03 03:23:38,331 | Timestamp: 2026-06-03 03:23:38.331619
2026-06-03 03:23:38,331 | Python Version: 3.13.5
2026-06-03 03:23:38,331 | Operating System: Darwin
2026-06-03 03:23:38,331 | 
[PHASE 2] ROOT CA INITIALIZATION
2026-06-03 03:23:38,337 | Root CA Ready
2026-06-03 03:23:38,337 | 
[PHASE 3] BATTERY PROVISIONING
2026-06-03 03:23:38,338 | Battery ID: BAT001
2026-06-03 03:23:38,338 | Battery Public Key Generated
2026-06-03 03:23:38,338 | Private Key Stored Securely
2026-06-03 03:23:38,338 | 
[PHASE 4] CERTIFICATE ISSUANCE
2026-06-03 03:23:38,344 | Certificate Generated
2026-06-03 03:23:38,344 | Manufacturer ID: BATTLOCK
2026-06-03 03:23:38,344 | Battery ID: BAT001
2026-06-03 03:23:38,344 | Expiry Date: 2027-06-03
2026-06-03 03:23:38,344 | 
[PHASE 5] CAN NETWORK STARTUP
2026-06-03 03:23:38,344 | CAN Network Online
2026-06-03 03:23:38,344 | Vehicle Node Registered
2026-06-03 03:23:38,344 | Battery Node Registered
2026-06-03 03:23:38,344 | Certificate sent over CAN
2026-06-03 03:23:38,344 | 
[PHASE 6] AUTHENTICATION START
2026-06-03 03:23:38,344 | 
Vehicle -> Battery
2026-06-03 03:23:38,344 | CAN ID: 0x100
2026-06-03 03:23:38,344 | AUTH_REQUEST SENT: b'AUTH'
2026-06-03 03:23:38,344 | 
Battery -> Vehicle
2026-06-03 03:23:38,344 | CAN ID: 0x104
2026-06-03 03:23:38,344 | 
[PHASE 8] CERTIFICATE VERIFICATION
2026-06-03 03:23:38,346 | Certificate Verification Successful
2026-06-03 03:23:38,346 | 
[PHASE 9] CHALLENGE GENERATION
2026-06-03 03:23:38,346 | Challenge Generated
2026-06-03 03:23:38,346 | Nonce Length: 32 bytes
2026-06-03 03:23:38,346 | 
Vehicle -> Battery
2026-06-03 03:23:38,346 | CAN ID: 0x101
2026-06-03 03:23:38,346 | NONCE
2026-06-03 03:23:38,346 | 
[PHASE 10] SIGNATURE GENERATION
2026-06-03 03:23:38,346 | Challenge Signed
2026-06-03 03:23:38,346 | Signature Length: 72 bytes
2026-06-03 03:23:38,346 | 
Battery -> Vehicle
2026-06-03 03:23:38,346 | CAN ID: 0x102
2026-06-03 03:23:38,346 | SIGNATURE
2026-06-03 03:23:38,346 | 
[PHASE 11] CHALLENGE VERIFICATION
2026-06-03 03:23:38,347 | Challenge Verification Passed
2026-06-03 03:23:38,347 | 
Vehicle -> Battery
2026-06-03 03:23:38,347 | CAN ID: 0x103
2026-06-03 03:23:38,347 | AUTH_RESULT = SUCCESS
2026-06-03 03:23:38,347 | 
Creating Session...
2026-06-03 03:23:38,347 | Session ID: cfe5a181e97891801f53c85ccbb4f595
2026-06-03 03:23:38,347 | Battery ID: BAT001
2026-06-03 03:23:38,347 | 
Vehicle -> Battery
2026-06-03 03:23:38,347 | CAN ID: 0x105
2026-06-03 03:23:38,347 | SESSION_ID
2026-06-03 03:23:38,347 | 
BATTERY AUTHENTICATED
2026-06-03 03:23:38,347 | SECURE SESSION ACTIVE
2026-06-03 03:23:38,347 | 
=========================
2026-06-03 03:23:38,347 | PERFORMANCE REPORT
2026-06-03 03:23:38,347 | =========================
2026-06-03 03:23:38,347 | Total Execution Time: 0.017379 sec
2026-06-03 03:23:38,347 | 
Metrics Exported
2026-06-03 03:31:17,049 | 
=========================
2026-06-03 03:31:17,050 | BATTLOCK SYSTEM STARTUP
2026-06-03 03:31:17,050 | =========================

2026-06-03 03:31:17,051 | Timestamp: 2026-06-03 03:31:17.050990
2026-06-03 03:31:17,051 | Python Version: 3.13.5
2026-06-03 03:31:17,051 | Operating System: Darwin
2026-06-03 03:31:17,051 | 
[PHASE 2] ROOT CA INITIALIZATION
2026-06-03 03:31:17,059 | Root CA Ready
2026-06-03 03:31:17,059 | 
[PHASE 3] BATTERY PROVISIONING
2026-06-03 03:31:17,061 | Battery ID: BAT001
2026-06-03 03:31:17,061 | Battery Public Key Generated
2026-06-03 03:31:17,061 | Private Key Stored Securely
2026-06-03 03:31:17,061 | 
[PHASE 4] CERTIFICATE ISSUANCE
2026-06-03 03:31:17,068 | Certificate Generated
2026-06-03 03:31:17,068 | Manufacturer ID: BATTLOCK
2026-06-03 03:31:17,068 | Battery ID: BAT001
2026-06-03 03:31:17,068 | Expiry Date: 2027-06-03
2026-06-03 03:31:17,068 | 
[PHASE 5] CAN NETWORK STARTUP
2026-06-03 03:31:17,068 | CAN Network Online
2026-06-03 03:31:17,068 | Vehicle Node Registered
2026-06-03 03:31:17,068 | Battery Node Registered
2026-06-03 03:31:17,068 | Certificate sent over CAN
2026-06-03 03:31:17,068 | 
[PHASE 6] AUTHENTICATION START
2026-06-03 03:31:17,068 | 
Vehicle -> Battery
2026-06-03 03:31:17,068 | CAN ID: 0x100
2026-06-03 03:31:17,068 | AUTH_REQUEST SENT: b'AUTH'
2026-06-03 03:31:17,068 | 
Battery -> Vehicle
2026-06-03 03:31:17,068 | CAN ID: 0x104
2026-06-03 03:31:17,068 | 
[PHASE 8] CERTIFICATE VERIFICATION
2026-06-03 03:31:17,070 | Certificate Verification Successful
2026-06-03 03:31:17,070 | 
[PHASE 9] CHALLENGE GENERATION
2026-06-03 03:31:17,070 | Challenge Generated
2026-06-03 03:31:17,070 | Nonce Length: 32 bytes
2026-06-03 03:31:17,070 | 
Vehicle -> Battery
2026-06-03 03:31:17,070 | CAN ID: 0x101
2026-06-03 03:31:17,070 | NONCE
2026-06-03 03:31:17,070 | 
[PHASE 10] SIGNATURE GENERATION
2026-06-03 03:31:17,071 | Challenge Signed
2026-06-03 03:31:17,071 | Signature Length: 72 bytes
2026-06-03 03:31:17,071 | 
Battery -> Vehicle
2026-06-03 03:31:17,071 | CAN ID: 0x102
2026-06-03 03:31:17,071 | SIGNATURE
2026-06-03 03:31:17,071 | 
[PHASE 11] CHALLENGE VERIFICATION
2026-06-03 03:31:17,072 | Challenge Verification Passed
2026-06-03 03:31:17,072 | 
Vehicle -> Battery
2026-06-03 03:31:17,072 | CAN ID: 0x103
2026-06-03 03:31:17,072 | AUTH_RESULT = SUCCESS
2026-06-03 03:31:17,072 | 
Creating Session...
2026-06-03 03:31:17,072 | Session ID: ec247de4fa50b4c210675c45531f2a15
2026-06-03 03:31:17,072 | Battery ID: BAT001
2026-06-03 03:31:17,072 | 
Vehicle -> Battery
2026-06-03 03:31:17,072 | CAN ID: 0x105
2026-06-03 03:31:17,072 | SESSION_ID
2026-06-03 03:31:17,072 | 
BATTERY AUTHENTICATED
2026-06-03 03:31:17,072 | SECURE SESSION ACTIVE
2026-06-03 03:31:17,072 | 
=========================
2026-06-03 03:31:17,072 | PERFORMANCE REPORT
2026-06-03 03:31:17,072 | =========================
2026-06-03 03:31:17,072 | Total Execution Time: 0.022921 sec
2026-06-03 03:31:17,072 | Total CAN Messages: 7
2026-06-03 03:31:17,072 | Total Bytes: 1202
2026-06-03 03:31:17,072 | Average Payload: 171.71
2026-06-03 03:31:17,072 | Average Latency: 0.10 ms
2026-06-03 03:31:17,073 | 
Metrics Exported
2026-06-03 03:54:00,836 | 
=========================
2026-06-03 03:54:00,837 | BATTLOCK SYSTEM STARTUP
2026-06-03 03:54:00,837 | =========================

2026-06-03 03:54:00,837 | Timestamp: 2026-06-03 03:54:00.837265
2026-06-03 03:54:00,837 | Python Version: 3.13.5
2026-06-03 03:54:00,837 | Operating System: Darwin
2026-06-03 03:54:00,837 | 
[PHASE 2] ROOT CA INITIALIZATION
2026-06-03 03:54:00,849 | Root CA Ready
2026-06-03 03:54:00,849 | 
[PHASE 3] BATTERY PROVISIONING
2026-06-03 03:54:00,850 | Battery ID: BAT001
2026-06-03 03:54:00,850 | Battery Public Key Generated
2026-06-03 03:54:00,850 | Private Key Stored Securely
2026-06-03 03:54:00,850 | 
[PHASE 4] CERTIFICATE ISSUANCE
2026-06-03 03:54:00,856 | Certificate Generated
2026-06-03 03:54:00,856 | Manufacturer ID: BATTLOCK
2026-06-03 03:54:00,857 | Battery ID: BAT001
2026-06-03 03:54:00,857 | Expiry Date: 2027-06-03
2026-06-03 03:54:00,857 | 
[PHASE 5] CAN NETWORK STARTUP
2026-06-03 03:54:00,857 | CAN Network Online
2026-06-03 03:54:00,857 | Vehicle Node Registered
2026-06-03 03:54:00,857 | Battery Node Registered
2026-06-03 03:54:00,857 | Certificate sent over CAN
2026-06-03 03:54:00,857 | 
[PHASE 6] AUTHENTICATION START
2026-06-03 03:54:00,857 | 
Vehicle -> Battery
2026-06-03 03:54:00,857 | CAN ID: 0x100
2026-06-03 03:54:00,857 | AUTH_REQUEST SENT: b'AUTH'
2026-06-03 03:54:00,857 | 
Battery -> Vehicle
2026-06-03 03:54:00,857 | CAN ID: 0x104
2026-06-03 03:54:00,857 | 
[PHASE 8] CERTIFICATE VERIFICATION
2026-06-03 03:54:00,859 | Certificate Verification Successful
2026-06-03 03:54:00,859 | 
[PHASE 9] CHALLENGE GENERATION
2026-06-03 03:54:00,859 | Challenge Generated
2026-06-03 03:54:00,859 | Nonce Length: 32 bytes
2026-06-03 03:54:00,859 | 
Vehicle -> Battery
2026-06-03 03:54:00,859 | CAN ID: 0x101
2026-06-03 03:54:00,859 | NONCE
2026-06-03 03:54:00,859 | 
[PHASE 10] SIGNATURE GENERATION
2026-06-03 03:54:00,859 | Challenge Signed
2026-06-03 03:54:00,859 | Signature Length: 71 bytes
2026-06-03 03:54:00,859 | 
Battery -> Vehicle
2026-06-03 03:54:00,859 | CAN ID: 0x102
2026-06-03 03:54:00,859 | SIGNATURE
2026-06-03 03:54:00,859 | 
[PHASE 11] CHALLENGE VERIFICATION
2026-06-03 03:54:00,860 | Challenge Verification Passed
2026-06-03 03:54:00,860 | 
Vehicle -> Battery
2026-06-03 03:54:00,860 | CAN ID: 0x103
2026-06-03 03:54:00,860 | AUTH_RESULT = SUCCESS
2026-06-03 03:54:00,860 | 
Creating Session...
2026-06-03 03:54:00,860 | Session ID: be0154aa69bc825a7f17101eeca81e09
2026-06-03 03:54:00,860 | Battery ID: BAT001
2026-06-03 03:54:00,860 | 
Vehicle -> Battery
2026-06-03 03:54:00,860 | CAN ID: 0x105
2026-06-03 03:54:00,860 | SESSION_ID
2026-06-03 03:54:00,860 | 
BATTERY AUTHENTICATED
2026-06-03 03:54:00,860 | SECURE SESSION ACTIVE
2026-06-03 03:54:00,860 | 
=========================
2026-06-03 03:54:00,860 | PERFORMANCE REPORT
2026-06-03 03:54:00,860 | =========================
2026-06-03 03:54:00,860 | Total Execution Time: 0.023867 sec
2026-06-03 03:54:00,860 | Total CAN Messages: 7
2026-06-03 03:54:00,860 | Total Bytes: 1182
2026-06-03 03:54:00,860 | Average Payload: 168.86
2026-06-03 03:54:00,860 | Average Latency: 0.10 ms
2026-06-03 03:54:00,861 | 
Metrics Exported
2026-06-03 03:55:11,202 | 
=========================
2026-06-03 03:55:11,202 | BATTLOCK SYSTEM STARTUP
2026-06-03 03:55:11,202 | =========================

2026-06-03 03:55:11,202 | Timestamp: 2026-06-03 03:55:11.202892
2026-06-03 03:55:11,203 | Python Version: 3.13.5
2026-06-03 03:55:11,203 | Operating System: Darwin
2026-06-03 03:55:11,203 | 
[PHASE 2] ROOT CA INITIALIZATION
2026-06-03 03:55:11,212 | Root CA Ready
2026-06-03 03:55:11,212 | 
[PHASE 3] BATTERY PROVISIONING
2026-06-03 03:55:11,214 | Battery ID: BAT001
2026-06-03 03:55:11,214 | Battery Public Key Generated
2026-06-03 03:55:11,214 | Private Key Stored Securely
2026-06-03 03:55:11,215 | 
[PHASE 4] CERTIFICATE ISSUANCE
2026-06-03 03:55:11,222 | Certificate Generated
2026-06-03 03:55:11,222 | Manufacturer ID: BATTLOCK
2026-06-03 03:55:11,222 | Battery ID: BAT001
2026-06-03 03:55:11,222 | Expiry Date: 2027-06-03
2026-06-03 03:55:11,222 | 
[PHASE 5] CAN NETWORK STARTUP
2026-06-03 03:55:11,222 | CAN Network Online
2026-06-03 03:55:11,222 | Vehicle Node Registered
2026-06-03 03:55:11,222 | Battery Node Registered
2026-06-03 03:55:11,222 | Certificate sent over CAN
2026-06-03 03:55:11,222 | 
[PHASE 6] AUTHENTICATION START
2026-06-03 03:55:11,222 | 
Vehicle -> Battery
2026-06-03 03:55:11,222 | CAN ID: 0x100
